1月 14, 2025 9:22:00 下午 com.MyBatisLearningNew.lesson10 main
严重: 严重错误演示
1月 14, 2025 9:22:00 下午 com.MyBatisLearningNew.lesson10 main
警告: warning信息演示
1月 14, 2025 9:22:00 下午 com.MyBatisLearningNew.lesson10 main
信息: INFO级别信息演示
1月 14, 2025 9:22:00 下午 com.MyBatisLearningNew.lesson10 main
配置: CONFIG级别信息演示
1月 14, 2025 9:22:34 下午 com.MyBatisLearningNew.lesson10 main
严重: 严重错误演示
1月 14, 2025 9:22:34 下午 com.MyBatisLearningNew.lesson10 main
警告: warning信息演示
1月 14, 2025 9:22:34 下午 com.MyBatisLearningNew.lesson10 main
信息: INFO级别信息演示
1月 14, 2025 9:22:34 下午 com.MyBatisLearningNew.lesson10 main
配置: CONFIG级别信息演示
1月 14, 2025 9:23:54 下午 com.MyBatisLearningNew.lesson10 main
严重: 严重错误演示
1月 14, 2025 9:23:54 下午 com.MyBatisLearningNew.lesson10 main
警告: warning信息演示
1月 14, 2025 9:23:54 下午 com.MyBatisLearningNew.lesson10 main
信息: INFO级别信息演示
1月 14, 2025 9:23:54 下午 com.MyBatisLearningNew.lesson10 main
配置: CONFIG级别信息演示
1月 14, 2025 9:25:18 下午 com.MyBatisLearningNew.lesson10 main
严重: 严重错误演示
1月 14, 2025 9:25:18 下午 com.MyBatisLearningNew.lesson10 main
警告: warning信息演示
1月 14, 2025 9:25:18 下午 com.MyBatisLearningNew.lesson10 main
信息: INFO级别信息演示
1月 14, 2025 9:25:18 下午 com.MyBatisLearningNew.lesson10 main
配置: CONFIG级别信息演示
1月 14, 2025 9:25:49 下午 com.MyBatisLearningNew.lesson10 main
严重: 严重错误演示
1月 14, 2025 9:25:49 下午 com.MyBatisLearningNew.lesson10 main
警告: warning信息演示
1月 14, 2025 9:25:49 下午 com.MyBatisLearningNew.lesson10 main
信息: INFO级别信息演示
1月 14, 2025 9:25:49 下午 com.MyBatisLearningNew.lesson10 main
配置: CONFIG级别信息演示
